#
# Local machine configuration.
# SECURITY WARNING: it is CRITICAL that this file & directory
# are NOT accessible directly via a web browser!
# This file should also NEVER be versioned.
#

parameters:
    database:
        dbname: instante
        dbname_test: instante_test
        user: travis
        password: ""
        host: 127.0.0.1

    routes:
        secure: true

